adr new First Decision
doc/adr/0001-first-decision.md
adr new Second Decision
doc/adr/0002-second-decision.md
adr new Third Decision
doc/adr/0003-third-decision.md
cat > intro.md <<EOF
An intro.

Multiple paragraphs.
EOF
cat > outro.md <<EOF
An outro.
EOF
adr generate toc -i intro.md -o outro.md
# Architecture Decision Records

An intro.

Multiple paragraphs.

* [1. First Decision]({{< ref "0001-first-decision.md" >}})
* [2. Second Decision]({{< ref "0002-second-decision.md" >}})
* [3. Third Decision]({{< ref "0003-third-decision.md" >}})

An outro.
