adr init architecture-log
architecture-log/0001-use-markdown-architectural-decision-records.md
adr new First Record
architecture-log/0002-first-record.md
mkdir subdir
cd subdir
adr new Second Record
../architecture-log/0003-second-record.md
adr list
../architecture-log/0001-use-markdown-architectural-decision-records.md
../architecture-log/0002-first-record.md
../architecture-log/0003-second-record.md
cd ..
adr list
architecture-log/0001-use-markdown-architectural-decision-records.md
architecture-log/0002-first-record.md
architecture-log/0003-second-record.md
